raw total sequences:	294	# excluding supplementary and secondary reads
filtered sequences:	0
sequences:	294
is sorted:	1
1st fragments:	294
last fragments:	0
reads mapped:	294
reads mapped and paired:	0	# paired-end technology bit set + both mates mapped
reads unmapped:	0
reads properly paired:	0	# proper-pair bit set
reads paired:	0	# paired-end technology bit set
reads duplicated:	0	# PCR or optical duplicate bit set
reads MQ0:	0	# mapped and MQ=0
reads QC failed:	0
non-primary alignments:	0
supplementary alignments:	6
total length:	781893	# ignores clipping
total first fragment length:	781893	# ignores clipping
total last fragment length:	0	# ignores clipping
bases mapped:	781893	# ignores clipping
bases mapped (cigar):	744364	# more accurate
bases trimmed:	0
bases duplicated:	0
mismatches:	30557	# from NM fields
error rate:	4.105115e-02	# mismatches / bases mapped (cigar)
average length:	2660
average first fragment length:	2660
average last fragment length:	0
maximum length:	5166
maximum first fragment length:	5166
maximum last fragment length:	0
average quality:	30.1
insert size average:	0.0
insert size standard deviation:	0.0
inward oriented pairs:	0
outward oriented pairs:	0
pairs with other orientation:	0
pairs on different chromosomes:	0
percentage of properly paired reads (%):	0.0
bases inside the target:	29903
percentage of target genome with coverage > 0 (%):	99.99
