raw total sequences:	18	# excluding supplementary and secondary reads
filtered sequences:	0
sequences:	18
is sorted:	1
1st fragments:	18
last fragments:	0
reads mapped:	18
reads mapped and paired:	0	# paired-end technology bit set + both mates mapped
reads unmapped:	0
reads properly paired:	0	# proper-pair bit set
reads paired:	0	# paired-end technology bit set
reads duplicated:	0	# PCR or optical duplicate bit set
reads MQ0:	1	# mapped and MQ=0
reads QC failed:	0
non-primary alignments:	27
supplementary alignments:	12
total length:	322735	# ignores clipping
total first fragment length:	322735	# ignores clipping
total last fragment length:	0	# ignores clipping
bases mapped:	322735	# ignores clipping
bases mapped (cigar):	23635	# more accurate
bases trimmed:	0
bases duplicated:	0
mismatches:	5237	# from NM fields
error rate:	2.215782e-01	# mismatches / bases mapped (cigar)
average length:	17930
average first fragment length:	17930
average last fragment length:	0
maximum length:	296755
maximum first fragment length:	296755
maximum last fragment length:	0
average quality:	8.7
insert size average:	0.0
insert size standard deviation:	0.0
inward oriented pairs:	0
outward oriented pairs:	0
pairs with other orientation:	0
pairs on different chromosomes:	0
percentage of properly paired reads (%):	0.0
bases inside the target:	3088286401
percentage of target genome with coverage > 0 (%):	0.00
