raw total sequences:	848773	# excluding supplementary and secondary reads
filtered sequences:	0
sequences:	848773
is sorted:	1
1st fragments:	848773
last fragments:	0
reads mapped:	848773
reads mapped and paired:	0	# paired-end technology bit set + both mates mapped
reads unmapped:	0
reads properly paired:	0	# proper-pair bit set
reads paired:	0	# paired-end technology bit set
reads duplicated:	0	# PCR or optical duplicate bit set
reads MQ0:	11199	# mapped and MQ=0
reads QC failed:	0
non-primary alignments:	167304
supplementary alignments:	1411905
total length:	1711951857	# ignores clipping
total first fragment length:	1711951857	# ignores clipping
total last fragment length:	0	# ignores clipping
bases mapped:	1711951857	# ignores clipping
bases mapped (cigar):	1593763586	# more accurate
bases trimmed:	0
bases duplicated:	0
mismatches:	292166623	# from NM fields
error rate:	1.833187e-01	# mismatches / bases mapped (cigar)
average length:	2017
average first fragment length:	2017
average last fragment length:	0
maximum length:	77872
maximum first fragment length:	77872
maximum last fragment length:	0
average quality:	27.5
insert size average:	0.0
insert size standard deviation:	0.0
inward oriented pairs:	0
outward oriented pairs:	0
pairs with other orientation:	0
pairs on different chromosomes:	0
percentage of properly paired reads (%):	0.0
bases inside the target:	2723431143
percentage of target genome with coverage > 0 (%):	4.73
